<html>
<body>
<pre>
<h1>µVision Build Log</h1>
<h2>Project:</h2>
C:\Keil\Labware\Lab15_SpaceInvaders\SpaceInvaders.uvproj
Project File Date:  04/20/2017

<h2>Output:</h2>
Build target 'SpaceInvaders'
linking...
Program Size: Code=3324 RO-data=1476 RW-data=116 ZI-data=1684  
".\connect_four.axf" - 0 Error(s), 0 Warning(s).
" - 0 Error(s), 0 Warning(s).
20: identifier "z" is undefined
        for (int z = 0; z < 5; z++){
SpaceInvaders.c(159): error:  #29: expected an expression
    for (int v = 0; v < 6; v++){
SpaceInvaders.c(159): error:  #20: identifier "v" is undefined
    for (int v = 0; v < 6; v++){
SpaceInvaders.c: 0 warnings, 4 errors
".\SpaceInvaders.axf" - 4 Error(s), 0 Warning(s).
Target not created
iling SpaceInvaders.c...
SpaceInvaders.c(162): error:  #29: expected an expression
        for (int i = 0; i < 6; i++)
SpaceInvaders.c(162): error:  #20: identifier "i" is undefined
        for (int i = 0; i < 6; i++)
SpaceInvaders.c(163): error:  #29: expected an expression
    for (int j = 0; j < 7; j++)
SpaceInvaders.c(163): error:  #20: identifier "j" is undefined
    for (int j = 0; j < 7; j++)
SpaceInvaders.c: 0 warnings, 4 errors
"SpaceInvaders.c" - 4 Error(s), 0 Warning(s).
